[
  {
    "id": 123,
    "name": "New Restaurant",
    "owner": "ID do Keyclock"
  },
  {
    "id": 234,
    "name": "New Restaurant 2",
    "owner": "ID do Keyclock 2"
  }
]